1790605808048 EVENT      NAME                      READY   STATUS    RESTARTS   AGE
1790605808092 ADDED      worker-59c489555d-9shnj   1/1     Running   0          10m
1790605829187 ADDED      worker-59c489555d-55dcn   0/1     Pending   0          0s
1790605829225 MODIFIED   worker-59c489555d-55dcn   0/1     Pending   0          0s
1790605829282 MODIFIED   worker-59c489555d-55dcn   0/1     ContainerCreating   0          0s
1790605830122 MODIFIED   worker-59c489555d-55dcn   0/1     ContainerCreating   0          1s
1790605830313 MODIFIED   worker-59c489555d-55dcn   0/1     Running             0          1s
1790605834606 MODIFIED   worker-59c489555d-55dcn   0/1     Running             0          5s
1790605834647 MODIFIED   worker-59c489555d-55dcn   0/1     Running             0          5s
1790605840043 MODIFIED   worker-59c489555d-55dcn   1/1     Running             0          11s
1790605844334 ADDED      worker-59c489555d-kqddx   0/1     Pending             0          0s
1790605844377 MODIFIED   worker-59c489555d-kqddx   0/1     Pending             0          0s
1790605844404 ADDED      worker-59c489555d-bp6gz   0/1     Pending             0          0s
1790605844405 ADDED      worker-59c489555d-w5x5p   0/1     Pending             0          0s
1790605844452 MODIFIED   worker-59c489555d-w5x5p   0/1     Pending             0          0s
1790605844455 MODIFIED   worker-59c489555d-bp6gz   0/1     Pending             0          0s
1790605844471 MODIFIED   worker-59c489555d-kqddx   0/1     ContainerCreating   0          0s
1790605844516 MODIFIED   worker-59c489555d-bp6gz   0/1     ContainerCreating   0          0s
1790605844567 MODIFIED   worker-59c489555d-w5x5p   0/1     ContainerCreating   0          0s
1790605845246 MODIFIED   worker-59c489555d-kqddx   0/1     ContainerCreating   0          1s
1790605845317 MODIFIED   worker-59c489555d-w5x5p   0/1     ContainerCreating   0          1s
1790605845386 MODIFIED   worker-59c489555d-bp6gz   0/1     ContainerCreating   0          1s
1790605845608 MODIFIED   worker-59c489555d-kqddx   0/1     Running             0          1s
1790605845750 MODIFIED   worker-59c489555d-w5x5p   0/1     Running             0          1s
1790605845873 MODIFIED   worker-59c489555d-bp6gz   0/1     Running             0          1s
1790605849826 MODIFIED   worker-59c489555d-kqddx   0/1     Running             0          5s
1790605849873 MODIFIED   worker-59c489555d-w5x5p   0/1     Running             0          5s
1790605849919 MODIFIED   worker-59c489555d-kqddx   0/1     Running             0          5s
1790605850007 MODIFIED   worker-59c489555d-bp6gz   0/1     Running             0          5s
1790605850049 MODIFIED   worker-59c489555d-bp6gz   0/1     Running             0          6s
1790605850094 MODIFIED   worker-59c489555d-w5x5p   0/1     Running             0          6s
1790605850269 MODIFIED   worker-59c489555d-kqddx   1/1     Running             0          6s
1790605850320 MODIFIED   worker-59c489555d-bp6gz   1/1     Running             0          6s
1790605850404 MODIFIED   worker-59c489555d-w5x5p   1/1     Running             0          6s
1790605919704 MODIFIED   worker-59c489555d-kqddx   1/1     Terminating         0          75s
1790605919707 MODIFIED   worker-59c489555d-bp6gz   1/1     Terminating         0          75s
1790605919756 MODIFIED   worker-59c489555d-kqddx   1/1     Terminating         0          75s
1790605919782 MODIFIED   worker-59c489555d-bp6gz   1/1     Terminating         0          75s
1790605920132 MODIFIED   worker-59c489555d-bp6gz   0/1     Completed           0          76s
1790605920162 MODIFIED   worker-59c489555d-kqddx   0/1     Completed           0          76s
1790605921114 MODIFIED   worker-59c489555d-bp6gz   0/1     Completed           0          77s
1790605921121 DELETED    worker-59c489555d-bp6gz   0/1     Completed           0          77s
1790605921133 MODIFIED   worker-59c489555d-kqddx   0/1     Completed           0          77s
1790605921136 DELETED    worker-59c489555d-kqddx   0/1     Completed           0          77s
1790605934725 MODIFIED   worker-59c489555d-55dcn   1/1     Terminating         0          105s
1790605934726 MODIFIED   worker-59c489555d-w5x5p   1/1     Terminating         0          90s
1790605934746 MODIFIED   worker-59c489555d-55dcn   1/1     Terminating         0          105s
1790605934784 MODIFIED   worker-59c489555d-w5x5p   1/1     Terminating         0          90s
1790605935075 MODIFIED   worker-59c489555d-w5x5p   0/1     Completed           0          91s
1790605935119 MODIFIED   worker-59c489555d-55dcn   0/1     Completed           0          106s
1790605935457 MODIFIED   worker-59c489555d-w5x5p   0/1     Completed           0          91s
1790605935461 DELETED    worker-59c489555d-w5x5p   0/1     Completed           0          91s
1790605935475 MODIFIED   worker-59c489555d-55dcn   0/1     Completed           0          106s
1790605935476 DELETED    worker-59c489555d-55dcn   0/1     Completed           0          106s
