11:30:08.048  EVENT      NAME                      READY   STATUS    RESTARTS   AGE
11:30:08.092  ADDED      worker-59c489555d-9shnj   1/1     Running   0          10m
11:30:29.187  ADDED      worker-59c489555d-55dcn   0/1     Pending   0          0s
11:30:29.225  MODIFIED   worker-59c489555d-55dcn   0/1     Pending   0          0s
11:30:29.282  MODIFIED   worker-59c489555d-55dcn   0/1     ContainerCreating   0          0s
11:30:30.122  MODIFIED   worker-59c489555d-55dcn   0/1     ContainerCreating   0          1s
11:30:30.313  MODIFIED   worker-59c489555d-55dcn   0/1     Running             0          1s
11:30:34.606  MODIFIED   worker-59c489555d-55dcn   0/1     Running             0          5s
11:30:34.647  MODIFIED   worker-59c489555d-55dcn   0/1     Running             0          5s
11:30:40.043  MODIFIED   worker-59c489555d-55dcn   1/1     Running             0          11s
11:30:44.334  ADDED      worker-59c489555d-kqddx   0/1     Pending             0          0s
11:30:44.377  MODIFIED   worker-59c489555d-kqddx   0/1     Pending             0          0s
11:30:44.404  ADDED      worker-59c489555d-bp6gz   0/1     Pending             0          0s
11:30:44.405  ADDED      worker-59c489555d-w5x5p   0/1     Pending             0          0s
11:30:44.452  MODIFIED   worker-59c489555d-w5x5p   0/1     Pending             0          0s
11:30:44.455  MODIFIED   worker-59c489555d-bp6gz   0/1     Pending             0          0s
11:30:44.471  MODIFIED   worker-59c489555d-kqddx   0/1     ContainerCreating   0          0s
11:30:44.516  MODIFIED   worker-59c489555d-bp6gz   0/1     ContainerCreating   0          0s
11:30:44.567  MODIFIED   worker-59c489555d-w5x5p   0/1     ContainerCreating   0          0s
11:30:45.246  MODIFIED   worker-59c489555d-kqddx   0/1     ContainerCreating   0          1s
11:30:45.317  MODIFIED   worker-59c489555d-w5x5p   0/1     ContainerCreating   0          1s
11:30:45.386  MODIFIED   worker-59c489555d-bp6gz   0/1     ContainerCreating   0          1s
11:30:45.608  MODIFIED   worker-59c489555d-kqddx   0/1     Running             0          1s
11:30:45.750  MODIFIED   worker-59c489555d-w5x5p   0/1     Running             0          1s
11:30:45.873  MODIFIED   worker-59c489555d-bp6gz   0/1     Running             0          1s
11:30:49.826  MODIFIED   worker-59c489555d-kqddx   0/1     Running             0          5s
11:30:49.873  MODIFIED   worker-59c489555d-w5x5p   0/1     Running             0          5s
11:30:49.919  MODIFIED   worker-59c489555d-kqddx   0/1     Running             0          5s
11:30:50.007  MODIFIED   worker-59c489555d-bp6gz   0/1     Running             0          5s
11:30:50.049  MODIFIED   worker-59c489555d-bp6gz   0/1     Running             0          6s
11:30:50.094  MODIFIED   worker-59c489555d-w5x5p   0/1     Running             0          6s
11:30:50.269  MODIFIED   worker-59c489555d-kqddx   1/1     Running             0          6s
11:30:50.320  MODIFIED   worker-59c489555d-bp6gz   1/1     Running             0          6s
11:30:50.404  MODIFIED   worker-59c489555d-w5x5p   1/1     Running             0          6s
11:31:59.704  MODIFIED   worker-59c489555d-kqddx   1/1     Terminating         0          75s
11:31:59.707  MODIFIED   worker-59c489555d-bp6gz   1/1     Terminating         0          75s
11:31:59.756  MODIFIED   worker-59c489555d-kqddx   1/1     Terminating         0          75s
11:31:59.782  MODIFIED   worker-59c489555d-bp6gz   1/1     Terminating         0          75s
11:32:00.132  MODIFIED   worker-59c489555d-bp6gz   0/1     Completed           0          76s
11:32:00.162  MODIFIED   worker-59c489555d-kqddx   0/1     Completed           0          76s
11:32:01.114  MODIFIED   worker-59c489555d-bp6gz   0/1     Completed           0          77s
11:32:01.121  DELETED    worker-59c489555d-bp6gz   0/1     Completed           0          77s
11:32:01.133  MODIFIED   worker-59c489555d-kqddx   0/1     Completed           0          77s
11:32:01.136  DELETED    worker-59c489555d-kqddx   0/1     Completed           0          77s
11:32:14.725  MODIFIED   worker-59c489555d-55dcn   1/1     Terminating         0          105s
11:32:14.726  MODIFIED   worker-59c489555d-w5x5p   1/1     Terminating         0          90s
11:32:14.746  MODIFIED   worker-59c489555d-55dcn   1/1     Terminating         0          105s
11:32:14.784  MODIFIED   worker-59c489555d-w5x5p   1/1     Terminating         0          90s
11:32:15.075  MODIFIED   worker-59c489555d-w5x5p   0/1     Completed           0          91s
11:32:15.119  MODIFIED   worker-59c489555d-55dcn   0/1     Completed           0          106s
11:32:15.457  MODIFIED   worker-59c489555d-w5x5p   0/1     Completed           0          91s
11:32:15.461  DELETED    worker-59c489555d-w5x5p   0/1     Completed           0          91s
11:32:15.475  MODIFIED   worker-59c489555d-55dcn   0/1     Completed           0          106s
11:32:15.476  DELETED    worker-59c489555d-55dcn   0/1     Completed           0          106s
