1790606122545 EVENT      NAME                      READY   STATUS    RESTARTS   AGE
1790606122568 ADDED      worker-59c489555d-9shnj   1/1     Running   0          15m
1790606145081 ADDED      worker-59c489555d-7jcwv   0/1     Pending   0          0s
1790606145113 MODIFIED   worker-59c489555d-7jcwv   0/1     Pending   0          0s
1790606145127 ADDED      worker-59c489555d-7wt6t   0/1     Pending   0          0s
1790606145128 ADDED      worker-59c489555d-ptwr5   0/1     Pending   0          0s
1790606145152 MODIFIED   worker-59c489555d-7wt6t   0/1     Pending   0          0s
1790606145156 ADDED      worker-59c489555d-mp4b8   0/1     Pending   0          0s
1790606145157 MODIFIED   worker-59c489555d-ptwr5   0/1     Pending   0          0s
1790606145179 MODIFIED   worker-59c489555d-7jcwv   0/1     ContainerCreating   0          0s
1790606145203 MODIFIED   worker-59c489555d-mp4b8   0/1     Pending             0          0s
1790606145262 MODIFIED   worker-59c489555d-7wt6t   0/1     ContainerCreating   0          0s
1790606145324 MODIFIED   worker-59c489555d-ptwr5   0/1     ContainerCreating   0          0s
1790606145398 MODIFIED   worker-59c489555d-mp4b8   0/1     ContainerCreating   0          0s
1790606146554 MODIFIED   worker-59c489555d-7jcwv   0/1     ContainerCreating   0          1s
1790606146611 MODIFIED   worker-59c489555d-7wt6t   0/1     ContainerCreating   0          1s
1790606146675 MODIFIED   worker-59c489555d-mp4b8   0/1     ContainerCreating   0          1s
1790606146752 MODIFIED   worker-59c489555d-ptwr5   0/1     ContainerCreating   0          1s
1790606147060 MODIFIED   worker-59c489555d-7jcwv   0/1     Running             0          2s
1790606147239 MODIFIED   worker-59c489555d-7wt6t   0/1     Running             0          2s
1790606147374 MODIFIED   worker-59c489555d-mp4b8   0/1     Running             0          2s
1790606147422 MODIFIED   worker-59c489555d-ptwr5   0/1     Running             0          2s
1790606150536 MODIFIED   worker-59c489555d-7jcwv   0/1     Running             0          5s
1790606150630 MODIFIED   worker-59c489555d-7jcwv   0/1     Running             0          5s
1790606150723 MODIFIED   worker-59c489555d-ptwr5   0/1     Running             0          5s
1790606150783 MODIFIED   worker-59c489555d-mp4b8   0/1     Running             0          5s
1790606150874 MODIFIED   worker-59c489555d-7wt6t   0/1     Running             0          5s
1790606151029 MODIFIED   worker-59c489555d-ptwr5   0/1     Running             0          6s
1790606151098 MODIFIED   worker-59c489555d-mp4b8   0/1     Running             0          6s
1790606151290 MODIFIED   worker-59c489555d-7jcwv   1/1     Running             0          6s
1790606151346 MODIFIED   worker-59c489555d-mp4b8   1/1     Running             0          6s
1790606156253 MODIFIED   worker-59c489555d-ptwr5   1/1     Running             0          11s
1790606156309 MODIFIED   worker-59c489555d-7wt6t   1/1     Running             0          11s
1790606159268 MODIFIED   worker-59c489555d-7wt6t   1/1     Terminating         0          14s
1790606159274 MODIFIED   worker-59c489555d-mp4b8   1/1     Terminating         0          14s
1790606159321 MODIFIED   worker-59c489555d-ptwr5   1/1     Terminating         0          14s
1790606159328 MODIFIED   worker-59c489555d-7jcwv   1/1     Terminating         0          14s
1790606159538 MODIFIED   worker-59c489555d-7wt6t   1/1     Terminating         0          14s
1790606159639 MODIFIED   worker-59c489555d-ptwr5   1/1     Terminating         0          14s
1790606159838 MODIFIED   worker-59c489555d-mp4b8   1/1     Terminating         0          14s
1790606159908 MODIFIED   worker-59c489555d-7jcwv   1/1     Terminating         0          14s
1790606186236 MODIFIED   worker-59c489555d-mp4b8   0/1     Terminating         0          41s
1790606186310 MODIFIED   worker-59c489555d-7wt6t   0/1     Terminating         0          41s
1790606186336 MODIFIED   worker-59c489555d-ptwr5   0/1     Terminating         0          41s
1790606186363 MODIFIED   worker-59c489555d-7jcwv   0/1     Terminating         0          41s
1790606187469 MODIFIED   worker-59c489555d-mp4b8   0/1     Completed           0          42s
1790606187748 MODIFIED   worker-59c489555d-mp4b8   0/1     Completed           0          42s
1790606187809 MODIFIED   worker-59c489555d-mp4b8   0/1     Completed           0          42s
1790606187834 DELETED    worker-59c489555d-mp4b8   0/1     Completed           0          42s
1790606187995 MODIFIED   worker-59c489555d-7jcwv   0/1     Completed           0          42s
1790606188096 MODIFIED   worker-59c489555d-7wt6t   0/1     Completed           0          43s
1790606188175 MODIFIED   worker-59c489555d-ptwr5   0/1     Completed           0          43s
1790606188759 MODIFIED   worker-59c489555d-7jcwv   0/1     Completed           0          43s
1790606188778 DELETED    worker-59c489555d-7jcwv   0/1     Completed           0          43s
1790606188792 MODIFIED   worker-59c489555d-7wt6t   0/1     Completed           0          43s
1790606188803 DELETED    worker-59c489555d-7wt6t   0/1     Completed           0          43s
1790606188824 MODIFIED   worker-59c489555d-ptwr5   0/1     Completed           0          43s
1790606188830 DELETED    worker-59c489555d-ptwr5   0/1     Completed           0          43s
