11:35:22.545  EVENT      NAME                      READY   STATUS    RESTARTS   AGE
11:35:22.568  ADDED      worker-59c489555d-9shnj   1/1     Running   0          15m
11:35:45.081  ADDED      worker-59c489555d-7jcwv   0/1     Pending   0          0s
11:35:45.113  MODIFIED   worker-59c489555d-7jcwv   0/1     Pending   0          0s
11:35:45.127  ADDED      worker-59c489555d-7wt6t   0/1     Pending   0          0s
11:35:45.128  ADDED      worker-59c489555d-ptwr5   0/1     Pending   0          0s
11:35:45.152  MODIFIED   worker-59c489555d-7wt6t   0/1     Pending   0          0s
11:35:45.156  ADDED      worker-59c489555d-mp4b8   0/1     Pending   0          0s
11:35:45.157  MODIFIED   worker-59c489555d-ptwr5   0/1     Pending   0          0s
11:35:45.179  MODIFIED   worker-59c489555d-7jcwv   0/1     ContainerCreating   0          0s
11:35:45.203  MODIFIED   worker-59c489555d-mp4b8   0/1     Pending             0          0s
11:35:45.262  MODIFIED   worker-59c489555d-7wt6t   0/1     ContainerCreating   0          0s
11:35:45.324  MODIFIED   worker-59c489555d-ptwr5   0/1     ContainerCreating   0          0s
11:35:45.398  MODIFIED   worker-59c489555d-mp4b8   0/1     ContainerCreating   0          0s
11:35:46.554  MODIFIED   worker-59c489555d-7jcwv   0/1     ContainerCreating   0          1s
11:35:46.611  MODIFIED   worker-59c489555d-7wt6t   0/1     ContainerCreating   0          1s
11:35:46.675  MODIFIED   worker-59c489555d-mp4b8   0/1     ContainerCreating   0          1s
11:35:46.752  MODIFIED   worker-59c489555d-ptwr5   0/1     ContainerCreating   0          1s
11:35:47.060  MODIFIED   worker-59c489555d-7jcwv   0/1     Running             0          2s
11:35:47.239  MODIFIED   worker-59c489555d-7wt6t   0/1     Running             0          2s
11:35:47.374  MODIFIED   worker-59c489555d-mp4b8   0/1     Running             0          2s
11:35:47.422  MODIFIED   worker-59c489555d-ptwr5   0/1     Running             0          2s
11:35:50.536  MODIFIED   worker-59c489555d-7jcwv   0/1     Running             0          5s
11:35:50.630  MODIFIED   worker-59c489555d-7jcwv   0/1     Running             0          5s
11:35:50.723  MODIFIED   worker-59c489555d-ptwr5   0/1     Running             0          5s
11:35:50.783  MODIFIED   worker-59c489555d-mp4b8   0/1     Running             0          5s
11:35:50.874  MODIFIED   worker-59c489555d-7wt6t   0/1     Running             0          5s
11:35:51.029  MODIFIED   worker-59c489555d-ptwr5   0/1     Running             0          6s
11:35:51.098  MODIFIED   worker-59c489555d-mp4b8   0/1     Running             0          6s
11:35:51.290  MODIFIED   worker-59c489555d-7jcwv   1/1     Running             0          6s
11:35:51.346  MODIFIED   worker-59c489555d-mp4b8   1/1     Running             0          6s
11:35:56.253  MODIFIED   worker-59c489555d-ptwr5   1/1     Running             0          11s
11:35:56.309  MODIFIED   worker-59c489555d-7wt6t   1/1     Running             0          11s
11:35:59.268  MODIFIED   worker-59c489555d-7wt6t   1/1     Terminating         0          14s
11:35:59.274  MODIFIED   worker-59c489555d-mp4b8   1/1     Terminating         0          14s
11:35:59.321  MODIFIED   worker-59c489555d-ptwr5   1/1     Terminating         0          14s
11:35:59.328  MODIFIED   worker-59c489555d-7jcwv   1/1     Terminating         0          14s
11:35:59.538  MODIFIED   worker-59c489555d-7wt6t   1/1     Terminating         0          14s
11:35:59.639  MODIFIED   worker-59c489555d-ptwr5   1/1     Terminating         0          14s
11:35:59.838  MODIFIED   worker-59c489555d-mp4b8   1/1     Terminating         0          14s
11:35:59.908  MODIFIED   worker-59c489555d-7jcwv   1/1     Terminating         0          14s
11:36:26.236  MODIFIED   worker-59c489555d-mp4b8   0/1     Terminating         0          41s
11:36:26.310  MODIFIED   worker-59c489555d-7wt6t   0/1     Terminating         0          41s
11:36:26.336  MODIFIED   worker-59c489555d-ptwr5   0/1     Terminating         0          41s
11:36:26.363  MODIFIED   worker-59c489555d-7jcwv   0/1     Terminating         0          41s
11:36:27.469  MODIFIED   worker-59c489555d-mp4b8   0/1     Completed           0          42s
11:36:27.748  MODIFIED   worker-59c489555d-mp4b8   0/1     Completed           0          42s
11:36:27.809  MODIFIED   worker-59c489555d-mp4b8   0/1     Completed           0          42s
11:36:27.834  DELETED    worker-59c489555d-mp4b8   0/1     Completed           0          42s
11:36:27.995  MODIFIED   worker-59c489555d-7jcwv   0/1     Completed           0          42s
11:36:28.096  MODIFIED   worker-59c489555d-7wt6t   0/1     Completed           0          43s
11:36:28.175  MODIFIED   worker-59c489555d-ptwr5   0/1     Completed           0          43s
11:36:28.759  MODIFIED   worker-59c489555d-7jcwv   0/1     Completed           0          43s
11:36:28.778  DELETED    worker-59c489555d-7jcwv   0/1     Completed           0          43s
11:36:28.792  MODIFIED   worker-59c489555d-7wt6t   0/1     Completed           0          43s
11:36:28.803  DELETED    worker-59c489555d-7wt6t   0/1     Completed           0          43s
11:36:28.824  MODIFIED   worker-59c489555d-ptwr5   0/1     Completed           0          43s
11:36:28.830  DELETED    worker-59c489555d-ptwr5   0/1     Completed           0          43s
