{"level":30,"time":1790605180448,"pid":1,"service":"worker","port":9100,"path":"/healthz","msg":"Health server listening"}
{"level":30,"time":1790605180450,"pid":1,"service":"worker","consumer":"uploads","queueUrl":"http://172.19.0.1:4566/000000000000/4frames-video-uploads","maxParallelJobs":1,"msg":"Consumer started"}
{"level":30,"time":1790605180460,"pid":1,"service":"worker","consumer":"dlq","queueUrl":"http://172.19.0.1:4566/000000000000/4frames-video-uploads-dlq","maxParallelJobs":1,"msg":"Consumer started"}
{"level":30,"time":1790605180461,"pid":1,"service":"worker","nodeEnv":"production","maxParallelJobs":1,"frameFps":1,"frameFormat":"png","maxVideoDurationSeconds":600,"visibilityTimeoutSeconds":600,"tmpDir":"/tmp/4frames","msg":"Worker started"}
{"level":30,"time":1790605282017,"pid":1,"service":"worker","jobId":"3d5908f8-a796-4aaa-b2dc-df3ef2e5f485","userId":2,"key":"videos/2/3d5908f8-a796-4aaa-b2dc-df3ef2e5f485/source.mp4","msg":"Processing started"}
{"level":30,"time":1790605284138,"pid":1,"service":"worker","jobId":"3d5908f8-a796-4aaa-b2dc-df3ef2e5f485","userId":2,"durationSeconds":30.03,"formatName":"mov,mp4,m4a,3gp,3g2,mj2","msg":"Video probed"}
{"level":30,"time":1790605302725,"pid":1,"service":"worker","jobId":"3d5908f8-a796-4aaa-b2dc-df3ef2e5f485","userId":2,"frameCount":30,"zipKey":"zips/2/3d5908f8-a796-4aaa-b2dc-df3ef2e5f485.zip","elapsedMs":20706,"msg":"Processing finished"}
{"level":30,"time":1790605306576,"pid":1,"service":"worker","jobId":"0a60612c-07a9-4aa6-a409-8c779b751d1e","userId":2,"key":"videos/2/0a60612c-07a9-4aa6-a409-8c779b751d1e/source.mp4","msg":"Processing started"}
{"level":40,"time":1790605306676,"pid":1,"service":"worker","jobId":"0a60612c-07a9-4aa6-a409-8c779b751d1e","userId":2,"reason":"Formato de vídeo não suportado. Envie um arquivo MP4 ou MOV","details":"format_name=jpeg_pipe","msg":"Video rejected"}
{"level":30,"time":1790605358643,"pid":1,"service":"worker","jobId":"a7c0ae6a-d841-49c7-a9c3-783f1ac77eaa","userId":2,"key":"videos/2/a7c0ae6a-d841-49c7-a9c3-783f1ac77eaa/source.mp4","msg":"Processing started"}
{"level":30,"time":1790605359084,"pid":1,"service":"worker","jobId":"a7c0ae6a-d841-49c7-a9c3-783f1ac77eaa","userId":2,"durationSeconds":30.03,"formatName":"mov,mp4,m4a,3gp,3g2,mj2","msg":"Video probed"}
{"level":30,"time":1790605372460,"pid":1,"service":"worker","jobId":"a7c0ae6a-d841-49c7-a9c3-783f1ac77eaa","userId":2,"frameCount":30,"zipKey":"zips/2/a7c0ae6a-d841-49c7-a9c3-783f1ac77eaa.zip","elapsedMs":13817,"msg":"Processing finished"}
{"level":30,"time":1790605376154,"pid":1,"service":"worker","jobId":"57e02e7b-6119-4d4e-8148-f3b6d0e89916","userId":2,"key":"videos/2/57e02e7b-6119-4d4e-8148-f3b6d0e89916/source.mp4","msg":"Processing started"}
{"level":40,"time":1790605376222,"pid":1,"service":"worker","jobId":"57e02e7b-6119-4d4e-8148-f3b6d0e89916","userId":2,"reason":"Formato de vídeo não suportado. Envie um arquivo MP4 ou MOV","details":"format_name=jpeg_pipe","msg":"Video rejected"}
{"level":30,"time":1790605432502,"pid":1,"service":"worker","jobId":"edee3519-917b-4861-a0c2-bf6a8e3c2728","userId":2,"key":"videos/2/edee3519-917b-4861-a0c2-bf6a8e3c2728/source.mp4","msg":"Processing started"}
{"level":30,"time":1790605432965,"pid":1,"service":"worker","jobId":"edee3519-917b-4861-a0c2-bf6a8e3c2728","userId":2,"durationSeconds":30.03,"formatName":"mov,mp4,m4a,3gp,3g2,mj2","msg":"Video probed"}
{"level":30,"time":1790605446962,"pid":1,"service":"worker","jobId":"edee3519-917b-4861-a0c2-bf6a8e3c2728","userId":2,"frameCount":30,"zipKey":"zips/2/edee3519-917b-4861-a0c2-bf6a8e3c2728.zip","elapsedMs":14460,"msg":"Processing finished"}
{"level":30,"time":1790605450821,"pid":1,"service":"worker","jobId":"31c167ca-9c09-4f5e-952d-8d36be2c82ac","userId":2,"key":"videos/2/31c167ca-9c09-4f5e-952d-8d36be2c82ac/source.mp4","msg":"Processing started"}
{"level":40,"time":1790605451061,"pid":1,"service":"worker","jobId":"31c167ca-9c09-4f5e-952d-8d36be2c82ac","userId":2,"reason":"Formato de vídeo não suportado. Envie um arquivo MP4 ou MOV","details":"format_name=jpeg_pipe","msg":"Video rejected"}
{"level":30,"time":1790605479189,"pid":1,"service":"worker","jobId":"970ba56b-1c80-4c41-bcd4-4e2db27ab60c","userId":2,"key":"videos/2/970ba56b-1c80-4c41-bcd4-4e2db27ab60c/source.mp4","msg":"Processing started"}
{"level":30,"time":1790605479974,"pid":1,"service":"worker","jobId":"970ba56b-1c80-4c41-bcd4-4e2db27ab60c","userId":2,"durationSeconds":30.03,"formatName":"mov,mp4,m4a,3gp,3g2,mj2","msg":"Video probed"}
{"level":30,"time":1790605496175,"pid":1,"service":"worker","jobId":"970ba56b-1c80-4c41-bcd4-4e2db27ab60c","userId":2,"frameCount":30,"zipKey":"zips/2/970ba56b-1c80-4c41-bcd4-4e2db27ab60c.zip","elapsedMs":16986,"msg":"Processing finished"}
{"level":30,"time":1790605498847,"pid":1,"service":"worker","jobId":"93e995d8-1018-40c7-bb5e-5600ef4946a0","userId":2,"key":"videos/2/93e995d8-1018-40c7-bb5e-5600ef4946a0/source.mp4","msg":"Processing started"}
{"level":40,"time":1790605498920,"pid":1,"service":"worker","jobId":"93e995d8-1018-40c7-bb5e-5600ef4946a0","userId":2,"reason":"Formato de vídeo não suportado. Envie um arquivo MP4 ou MOV","details":"format_name=jpeg_pipe","msg":"Video rejected"}
{"level":30,"time":1790605562206,"pid":1,"service":"worker","jobId":"1bf6b97e-cd41-4d38-b4a5-f045426bdb1b","userId":2,"key":"videos/2/1bf6b97e-cd41-4d38-b4a5-f045426bdb1b/source.mp4","msg":"Processing started"}
{"level":30,"time":1790605564315,"pid":1,"service":"worker","jobId":"1bf6b97e-cd41-4d38-b4a5-f045426bdb1b","userId":2,"durationSeconds":30.03,"formatName":"mov,mp4,m4a,3gp,3g2,mj2","msg":"Video probed"}
{"level":30,"time":1790605578531,"pid":1,"service":"worker","jobId":"1bf6b97e-cd41-4d38-b4a5-f045426bdb1b","userId":2,"frameCount":30,"zipKey":"zips/2/1bf6b97e-cd41-4d38-b4a5-f045426bdb1b.zip","elapsedMs":16325,"msg":"Processing finished"}
{"level":30,"time":1790605578606,"pid":1,"service":"worker","jobId":"3eab93f6-cc14-44b9-8c45-d1ee23d16477","userId":2,"key":"videos/2/3eab93f6-cc14-44b9-8c45-d1ee23d16477/source.mp4","msg":"Processing started"}
{"level":30,"time":1790605579149,"pid":1,"service":"worker","jobId":"3eab93f6-cc14-44b9-8c45-d1ee23d16477","userId":2,"durationSeconds":30.03,"formatName":"mov,mp4,m4a,3gp,3g2,mj2","msg":"Video probed"}
{"level":30,"time":1790605591628,"pid":1,"service":"worker","jobId":"3eab93f6-cc14-44b9-8c45-d1ee23d16477","userId":2,"frameCount":30,"zipKey":"zips/2/3eab93f6-cc14-44b9-8c45-d1ee23d16477.zip","elapsedMs":13021,"msg":"Processing finished"}
{"level":30,"time":1790605591720,"pid":1,"service":"worker","jobId":"cf0c7d3a-8b33-417d-aba6-846f25696d1f","userId":2,"key":"videos/2/cf0c7d3a-8b33-417d-aba6-846f25696d1f/source.mp4","msg":"Processing started"}
{"level":30,"time":1790605592298,"pid":1,"service":"worker","jobId":"cf0c7d3a-8b33-417d-aba6-846f25696d1f","userId":2,"durationSeconds":30.03,"formatName":"mov,mp4,m4a,3gp,3g2,mj2","msg":"Video probed"}
{"level":30,"time":1790605604393,"pid":1,"service":"worker","jobId":"cf0c7d3a-8b33-417d-aba6-846f25696d1f","userId":2,"frameCount":30,"zipKey":"zips/2/cf0c7d3a-8b33-417d-aba6-846f25696d1f.zip","elapsedMs":12673,"msg":"Processing finished"}
{"level":30,"time":1790605604439,"pid":1,"service":"worker","jobId":"9d47b40f-85d8-413f-8758-75ac5732f7b8","userId":2,"key":"videos/2/9d47b40f-85d8-413f-8758-75ac5732f7b8/source.mp4","msg":"Processing started"}
{"level":30,"time":1790605604790,"pid":1,"service":"worker","jobId":"9d47b40f-85d8-413f-8758-75ac5732f7b8","userId":2,"durationSeconds":30.03,"formatName":"mov,mp4,m4a,3gp,3g2,mj2","msg":"Video probed"}
{"level":30,"time":1790605619481,"pid":1,"service":"worker","jobId":"9d47b40f-85d8-413f-8758-75ac5732f7b8","userId":2,"frameCount":30,"zipKey":"zips/2/9d47b40f-85d8-413f-8758-75ac5732f7b8.zip","elapsedMs":15042,"msg":"Processing finished"}
{"level":30,"time":1790605619540,"pid":1,"service":"worker","jobId":"7b26af4a-0bb8-40d9-83d2-60ef5fda4c63","userId":2,"key":"videos/2/7b26af4a-0bb8-40d9-83d2-60ef5fda4c63/source.mp4","msg":"Processing started"}
{"level":30,"time":1790605619864,"pid":1,"service":"worker","jobId":"7b26af4a-0bb8-40d9-83d2-60ef5fda4c63","userId":2,"durationSeconds":30.03,"formatName":"mov,mp4,m4a,3gp,3g2,mj2","msg":"Video probed"}
{"level":30,"time":1790605632620,"pid":1,"service":"worker","jobId":"7b26af4a-0bb8-40d9-83d2-60ef5fda4c63","userId":2,"frameCount":30,"zipKey":"zips/2/7b26af4a-0bb8-40d9-83d2-60ef5fda4c63.zip","elapsedMs":13080,"msg":"Processing finished"}
{"level":30,"time":1790605632681,"pid":1,"service":"worker","jobId":"48cf5bd8-3d54-4b6a-b1de-2c440f98e34f","userId":2,"key":"videos/2/48cf5bd8-3d54-4b6a-b1de-2c440f98e34f/source.mp4","msg":"Processing started"}
{"level":30,"time":1790605633074,"pid":1,"service":"worker","jobId":"48cf5bd8-3d54-4b6a-b1de-2c440f98e34f","userId":2,"durationSeconds":30.03,"formatName":"mov,mp4,m4a,3gp,3g2,mj2","msg":"Video probed"}
{"level":30,"time":1790605643833,"pid":1,"service":"worker","jobId":"48cf5bd8-3d54-4b6a-b1de-2c440f98e34f","userId":2,"frameCount":30,"zipKey":"zips/2/48cf5bd8-3d54-4b6a-b1de-2c440f98e34f.zip","elapsedMs":11152,"msg":"Processing finished"}
{"level":30,"time":1790605643880,"pid":1,"service":"worker","jobId":"5d0d4bc0-1c01-49e4-915e-4a82602a411e","userId":2,"key":"videos/2/5d0d4bc0-1c01-49e4-915e-4a82602a411e/source.mp4","msg":"Processing started"}
{"level":30,"time":1790605644220,"pid":1,"service":"worker","jobId":"5d0d4bc0-1c01-49e4-915e-4a82602a411e","userId":2,"durationSeconds":30.03,"formatName":"mov,mp4,m4a,3gp,3g2,mj2","msg":"Video probed"}
{"level":30,"time":1790605654550,"pid":1,"service":"worker","jobId":"5d0d4bc0-1c01-49e4-915e-4a82602a411e","userId":2,"frameCount":30,"zipKey":"zips/2/5d0d4bc0-1c01-49e4-915e-4a82602a411e.zip","elapsedMs":10669,"msg":"Processing finished"}
{"level":30,"time":1790605654593,"pid":1,"service":"worker","jobId":"d9707036-0e12-410d-b606-cf4bbeb6dea9","userId":2,"key":"videos/2/d9707036-0e12-410d-b606-cf4bbeb6dea9/source.mp4","msg":"Processing started"}
{"level":30,"time":1790605654855,"pid":1,"service":"worker","jobId":"d9707036-0e12-410d-b606-cf4bbeb6dea9","userId":2,"durationSeconds":30.03,"formatName":"mov,mp4,m4a,3gp,3g2,mj2","msg":"Video probed"}
{"level":30,"time":1790605664997,"pid":1,"service":"worker","jobId":"d9707036-0e12-410d-b606-cf4bbeb6dea9","userId":2,"frameCount":30,"zipKey":"zips/2/d9707036-0e12-410d-b606-cf4bbeb6dea9.zip","elapsedMs":10404,"msg":"Processing finished"}
{"level":30,"time":1790605665039,"pid":1,"service":"worker","jobId":"fab2d2d8-ea8e-4697-937d-5460259b21d8","userId":2,"key":"videos/2/fab2d2d8-ea8e-4697-937d-5460259b21d8/source.mp4","msg":"Processing started"}
{"level":30,"time":1790605665381,"pid":1,"service":"worker","jobId":"fab2d2d8-ea8e-4697-937d-5460259b21d8","userId":2,"durationSeconds":30.03,"formatName":"mov,mp4,m4a,3gp,3g2,mj2","msg":"Video probed"}
{"level":30,"time":1790605675574,"pid":1,"service":"worker","jobId":"fab2d2d8-ea8e-4697-937d-5460259b21d8","userId":2,"frameCount":30,"zipKey":"zips/2/fab2d2d8-ea8e-4697-937d-5460259b21d8.zip","elapsedMs":10535,"msg":"Processing finished"}
{"level":30,"time":1790605675617,"pid":1,"service":"worker","jobId":"a32b07a5-39e0-41ef-b669-ed88b4be76b0","userId":2,"key":"videos/2/a32b07a5-39e0-41ef-b669-ed88b4be76b0/source.mp4","msg":"Processing started"}
{"level":30,"time":1790605675928,"pid":1,"service":"worker","jobId":"a32b07a5-39e0-41ef-b669-ed88b4be76b0","userId":2,"durationSeconds":30.03,"formatName":"mov,mp4,m4a,3gp,3g2,mj2","msg":"Video probed"}
{"level":30,"time":1790605686309,"pid":1,"service":"worker","jobId":"a32b07a5-39e0-41ef-b669-ed88b4be76b0","userId":2,"frameCount":30,"zipKey":"zips/2/a32b07a5-39e0-41ef-b669-ed88b4be76b0.zip","elapsedMs":10691,"msg":"Processing finished"}
{"level":30,"time":1790605828790,"pid":1,"service":"worker","jobId":"b8a7f47a-1655-4bcc-8575-842b57907add","userId":2,"key":"videos/2/b8a7f47a-1655-4bcc-8575-842b57907add/source.mp4","msg":"Processing started"}
{"level":30,"time":1790605831191,"pid":1,"service":"worker","jobId":"b8a7f47a-1655-4bcc-8575-842b57907add","userId":2,"durationSeconds":30.03,"formatName":"mov,mp4,m4a,3gp,3g2,mj2","msg":"Video probed"}
{"level":30,"time":1790605850089,"pid":1,"service":"worker","jobId":"b8a7f47a-1655-4bcc-8575-842b57907add","userId":2,"frameCount":30,"zipKey":"zips/2/b8a7f47a-1655-4bcc-8575-842b57907add.zip","elapsedMs":21301,"msg":"Processing finished"}
{"level":30,"time":1790605850239,"pid":1,"service":"worker","jobId":"3b922c74-9724-46fe-ad7f-8d7d335428de","userId":2,"key":"videos/2/3b922c74-9724-46fe-ad7f-8d7d335428de/source.mp4","msg":"Processing started"}
{"level":30,"time":1790605852141,"pid":1,"service":"worker","jobId":"3b922c74-9724-46fe-ad7f-8d7d335428de","userId":2,"durationSeconds":30.03,"formatName":"mov,mp4,m4a,3gp,3g2,mj2","msg":"Video probed"}
{"level":30,"time":1790605890261,"pid":1,"service":"worker","jobId":"3b922c74-9724-46fe-ad7f-8d7d335428de","userId":2,"frameCount":30,"zipKey":"zips/2/3b922c74-9724-46fe-ad7f-8d7d335428de.zip","elapsedMs":40022,"msg":"Processing finished"}
{"level":30,"time":1790605890374,"pid":1,"service":"worker","jobId":"976264b0-bf2b-458f-bc59-63016842e9df","userId":2,"key":"videos/2/976264b0-bf2b-458f-bc59-63016842e9df/source.mp4","msg":"Processing started"}
{"level":30,"time":1790605892814,"pid":1,"service":"worker","jobId":"976264b0-bf2b-458f-bc59-63016842e9df","userId":2,"durationSeconds":30.03,"formatName":"mov,mp4,m4a,3gp,3g2,mj2","msg":"Video probed"}
{"level":30,"time":1790605913168,"pid":1,"service":"worker","jobId":"976264b0-bf2b-458f-bc59-63016842e9df","userId":2,"frameCount":30,"zipKey":"zips/2/976264b0-bf2b-458f-bc59-63016842e9df.zip","elapsedMs":22794,"msg":"Processing finished"}
{"level":30,"time":1790606137662,"pid":1,"service":"worker","jobId":"b3a2d64c-74c4-4ecb-96d6-7e4576041eee","userId":2,"key":"videos/2/b3a2d64c-74c4-4ecb-96d6-7e4576041eee/source.mp4","msg":"Processing started"}
{"level":30,"time":1790606139142,"pid":1,"service":"worker","jobId":"b3a2d64c-74c4-4ecb-96d6-7e4576041eee","userId":2,"durationSeconds":30.03,"formatName":"mov,mp4,m4a,3gp,3g2,mj2","msg":"Video probed"}
{"level":30,"time":1790606169683,"pid":1,"service":"worker","jobId":"b3a2d64c-74c4-4ecb-96d6-7e4576041eee","userId":2,"frameCount":30,"zipKey":"zips/2/b3a2d64c-74c4-4ecb-96d6-7e4576041eee.zip","elapsedMs":32021,"msg":"Processing finished"}
{"level":30,"time":1790606169955,"pid":1,"service":"worker","jobId":"88916677-e69b-4678-80a4-256460462142","userId":2,"key":"videos/2/88916677-e69b-4678-80a4-256460462142/source.mp4","msg":"Processing started"}
{"level":30,"time":1790606172681,"pid":1,"service":"worker","jobId":"88916677-e69b-4678-80a4-256460462142","userId":2,"durationSeconds":30.03,"formatName":"mov,mp4,m4a,3gp,3g2,mj2","msg":"Video probed"}
{"level":30,"time":1790606192589,"pid":1,"service":"worker","jobId":"88916677-e69b-4678-80a4-256460462142","userId":2,"frameCount":30,"zipKey":"zips/2/88916677-e69b-4678-80a4-256460462142.zip","elapsedMs":22634,"msg":"Processing finished"}
{"level":30,"time":1790606192638,"pid":1,"service":"worker","jobId":"c2777956-2fa1-46ad-805c-873a6846aa0e","userId":2,"key":"videos/2/c2777956-2fa1-46ad-805c-873a6846aa0e/source.mp4","msg":"Processing started"}
{"level":30,"time":1790606193020,"pid":1,"service":"worker","jobId":"c2777956-2fa1-46ad-805c-873a6846aa0e","userId":2,"durationSeconds":30.03,"formatName":"mov,mp4,m4a,3gp,3g2,mj2","msg":"Video probed"}
{"level":30,"time":1790606204396,"pid":1,"service":"worker","jobId":"c2777956-2fa1-46ad-805c-873a6846aa0e","userId":2,"frameCount":30,"zipKey":"zips/2/c2777956-2fa1-46ad-805c-873a6846aa0e.zip","elapsedMs":11758,"msg":"Processing finished"}
{"level":30,"time":1790606204445,"pid":1,"service":"worker","jobId":"c1547b5b-a3fb-41e1-8c3c-2b1f0e3bcdd0","userId":2,"key":"videos/2/c1547b5b-a3fb-41e1-8c3c-2b1f0e3bcdd0/source.mp4","msg":"Processing started"}
{"level":30,"time":1790606204799,"pid":1,"service":"worker","jobId":"c1547b5b-a3fb-41e1-8c3c-2b1f0e3bcdd0","userId":2,"durationSeconds":30.03,"formatName":"mov,mp4,m4a,3gp,3g2,mj2","msg":"Video probed"}
{"level":30,"time":1790606215386,"pid":1,"service":"worker","jobId":"c1547b5b-a3fb-41e1-8c3c-2b1f0e3bcdd0","userId":2,"frameCount":30,"zipKey":"zips/2/c1547b5b-a3fb-41e1-8c3c-2b1f0e3bcdd0.zip","elapsedMs":10940,"msg":"Processing finished"}
{"level":30,"time":1790606215433,"pid":1,"service":"worker","jobId":"6468893c-d1ee-4895-82ae-5567cff99e42","userId":2,"key":"videos/2/6468893c-d1ee-4895-82ae-5567cff99e42/source.mp4","msg":"Processing started"}
{"level":30,"time":1790606215808,"pid":1,"service":"worker","jobId":"6468893c-d1ee-4895-82ae-5567cff99e42","userId":2,"durationSeconds":30.03,"formatName":"mov,mp4,m4a,3gp,3g2,mj2","msg":"Video probed"}
{"level":30,"time":1790606228394,"pid":1,"service":"worker","jobId":"6468893c-d1ee-4895-82ae-5567cff99e42","userId":2,"frameCount":30,"zipKey":"zips/2/6468893c-d1ee-4895-82ae-5567cff99e42.zip","elapsedMs":12960,"msg":"Processing finished"}
{"level":30,"time":1790606228454,"pid":1,"service":"worker","jobId":"63d5aeaf-a22d-42db-b065-404ff7431c8e","userId":2,"key":"videos/2/63d5aeaf-a22d-42db-b065-404ff7431c8e/source.mp4","msg":"Processing started"}
{"level":30,"time":1790606228804,"pid":1,"service":"worker","jobId":"63d5aeaf-a22d-42db-b065-404ff7431c8e","userId":2,"durationSeconds":30.03,"formatName":"mov,mp4,m4a,3gp,3g2,mj2","msg":"Video probed"}
{"level":30,"time":1790606240569,"pid":1,"service":"worker","jobId":"63d5aeaf-a22d-42db-b065-404ff7431c8e","userId":2,"frameCount":30,"zipKey":"zips/2/63d5aeaf-a22d-42db-b065-404ff7431c8e.zip","elapsedMs":12114,"msg":"Processing finished"}
{"level":30,"time":1790606428553,"pid":1,"service":"worker","jobId":"d4c73e9a-e899-4778-8ac6-2d11e6956230","userId":2,"key":"videos/2/d4c73e9a-e899-4778-8ac6-2d11e6956230/source.mp4","msg":"Processing started"}
{"level":30,"time":1790606429672,"pid":1,"service":"worker","jobId":"d4c73e9a-e899-4778-8ac6-2d11e6956230","userId":2,"durationSeconds":30.03,"formatName":"mov,mp4,m4a,3gp,3g2,mj2","msg":"Video probed"}
{"level":30,"time":1790606447040,"pid":1,"service":"worker","jobId":"d4c73e9a-e899-4778-8ac6-2d11e6956230","userId":2,"frameCount":30,"zipKey":"zips/2/d4c73e9a-e899-4778-8ac6-2d11e6956230.zip","elapsedMs":18486,"msg":"Processing finished"}
{"level":30,"time":1790606447083,"pid":1,"service":"worker","jobId":"4d38f85a-bb37-49de-aeee-7c010b514156","userId":2,"key":"videos/2/4d38f85a-bb37-49de-aeee-7c010b514156/source.mp4","msg":"Processing started"}
{"level":30,"time":1790606447395,"pid":1,"service":"worker","jobId":"4d38f85a-bb37-49de-aeee-7c010b514156","userId":2,"durationSeconds":30.03,"formatName":"mov,mp4,m4a,3gp,3g2,mj2","msg":"Video probed"}
{"level":30,"time":1790606458093,"pid":1,"service":"worker","jobId":"4d38f85a-bb37-49de-aeee-7c010b514156","userId":2,"frameCount":30,"zipKey":"zips/2/4d38f85a-bb37-49de-aeee-7c010b514156.zip","elapsedMs":11010,"msg":"Processing finished"}
{"level":30,"time":1790606458140,"pid":1,"service":"worker","jobId":"e681815b-c8fd-43af-a6aa-2336b8068f06","userId":2,"key":"videos/2/e681815b-c8fd-43af-a6aa-2336b8068f06/source.mp4","msg":"Processing started"}
{"level":30,"time":1790606458490,"pid":1,"service":"worker","jobId":"e681815b-c8fd-43af-a6aa-2336b8068f06","userId":2,"durationSeconds":30.03,"formatName":"mov,mp4,m4a,3gp,3g2,mj2","msg":"Video probed"}
{"level":30,"time":1790606469370,"pid":1,"service":"worker","jobId":"e681815b-c8fd-43af-a6aa-2336b8068f06","userId":2,"frameCount":30,"zipKey":"zips/2/e681815b-c8fd-43af-a6aa-2336b8068f06.zip","elapsedMs":11230,"msg":"Processing finished"}
{"level":30,"time":1790606469427,"pid":1,"service":"worker","jobId":"7a184c3a-58e5-42a1-8802-e797dccebd51","userId":2,"key":"videos/2/7a184c3a-58e5-42a1-8802-e797dccebd51/source.mp4","msg":"Processing started"}
{"level":30,"time":1790606469892,"pid":1,"service":"worker","jobId":"7a184c3a-58e5-42a1-8802-e797dccebd51","userId":2,"durationSeconds":30.03,"formatName":"mov,mp4,m4a,3gp,3g2,mj2","msg":"Video probed"}
{"level":30,"time":1790606480953,"pid":1,"service":"worker","jobId":"7a184c3a-58e5-42a1-8802-e797dccebd51","userId":2,"frameCount":30,"zipKey":"zips/2/7a184c3a-58e5-42a1-8802-e797dccebd51.zip","elapsedMs":11526,"msg":"Processing finished"}
{"level":30,"time":1790606481013,"pid":1,"service":"worker","jobId":"6864f6d6-b296-4c0d-bb57-c6e11b510145","userId":2,"key":"videos/2/6864f6d6-b296-4c0d-bb57-c6e11b510145/source.mp4","msg":"Processing started"}
{"level":30,"time":1790606481489,"pid":1,"service":"worker","jobId":"6864f6d6-b296-4c0d-bb57-c6e11b510145","userId":2,"durationSeconds":30.03,"formatName":"mov,mp4,m4a,3gp,3g2,mj2","msg":"Video probed"}
{"level":30,"time":1790606492429,"pid":1,"service":"worker","jobId":"6864f6d6-b296-4c0d-bb57-c6e11b510145","userId":2,"frameCount":30,"zipKey":"zips/2/6864f6d6-b296-4c0d-bb57-c6e11b510145.zip","elapsedMs":11416,"msg":"Processing finished"}
{"level":30,"time":1790606492470,"pid":1,"service":"worker","jobId":"99ac606c-976f-4234-9010-1f2757d3618a","userId":2,"key":"videos/2/99ac606c-976f-4234-9010-1f2757d3618a/source.mp4","msg":"Processing started"}
{"level":30,"time":1790606492767,"pid":1,"service":"worker","jobId":"99ac606c-976f-4234-9010-1f2757d3618a","userId":2,"durationSeconds":30.03,"formatName":"mov,mp4,m4a,3gp,3g2,mj2","msg":"Video probed"}
{"level":30,"time":1790606503454,"pid":1,"service":"worker","jobId":"99ac606c-976f-4234-9010-1f2757d3618a","userId":2,"frameCount":30,"zipKey":"zips/2/99ac606c-976f-4234-9010-1f2757d3618a.zip","elapsedMs":10984,"msg":"Processing finished"}
{"level":30,"time":1790606503494,"pid":1,"service":"worker","jobId":"a3e5d3b1-afbd-44f4-8fdc-1576b95e11f6","userId":2,"key":"videos/2/a3e5d3b1-afbd-44f4-8fdc-1576b95e11f6/source.mp4","msg":"Processing started"}
{"level":30,"time":1790606503758,"pid":1,"service":"worker","jobId":"a3e5d3b1-afbd-44f4-8fdc-1576b95e11f6","userId":2,"durationSeconds":30.03,"formatName":"mov,mp4,m4a,3gp,3g2,mj2","msg":"Video probed"}
{"level":30,"time":1790606514469,"pid":1,"service":"worker","jobId":"a3e5d3b1-afbd-44f4-8fdc-1576b95e11f6","userId":2,"frameCount":30,"zipKey":"zips/2/a3e5d3b1-afbd-44f4-8fdc-1576b95e11f6.zip","elapsedMs":10975,"msg":"Processing finished"}
{"level":30,"time":1790606514508,"pid":1,"service":"worker","jobId":"2af19946-b77f-4ed6-b5d2-e1e4c689f7d4","userId":2,"key":"videos/2/2af19946-b77f-4ed6-b5d2-e1e4c689f7d4/source.mp4","msg":"Processing started"}
{"level":30,"time":1790606514783,"pid":1,"service":"worker","jobId":"2af19946-b77f-4ed6-b5d2-e1e4c689f7d4","userId":2,"durationSeconds":30.03,"formatName":"mov,mp4,m4a,3gp,3g2,mj2","msg":"Video probed"}
{"level":30,"time":1790606525596,"pid":1,"service":"worker","jobId":"2af19946-b77f-4ed6-b5d2-e1e4c689f7d4","userId":2,"frameCount":30,"zipKey":"zips/2/2af19946-b77f-4ed6-b5d2-e1e4c689f7d4.zip","elapsedMs":11088,"msg":"Processing finished"}
{"level":30,"time":1790606525635,"pid":1,"service":"worker","jobId":"6c915718-9628-47ef-82ef-dec329bebd07","userId":2,"key":"videos/2/6c915718-9628-47ef-82ef-dec329bebd07/source.mp4","msg":"Processing started"}
{"level":30,"time":1790606525925,"pid":1,"service":"worker","jobId":"6c915718-9628-47ef-82ef-dec329bebd07","userId":2,"durationSeconds":30.03,"formatName":"mov,mp4,m4a,3gp,3g2,mj2","msg":"Video probed"}
{"level":30,"time":1790606536919,"pid":1,"service":"worker","jobId":"6c915718-9628-47ef-82ef-dec329bebd07","userId":2,"frameCount":30,"zipKey":"zips/2/6c915718-9628-47ef-82ef-dec329bebd07.zip","elapsedMs":11283,"msg":"Processing finished"}
{"level":30,"time":1790606536965,"pid":1,"service":"worker","jobId":"ef804ab6-3f7f-432b-9832-569cf10a4fed","userId":2,"key":"videos/2/ef804ab6-3f7f-432b-9832-569cf10a4fed/source.mp4","msg":"Processing started"}
{"level":30,"time":1790606537262,"pid":1,"service":"worker","jobId":"ef804ab6-3f7f-432b-9832-569cf10a4fed","userId":2,"durationSeconds":30.03,"formatName":"mov,mp4,m4a,3gp,3g2,mj2","msg":"Video probed"}
{"level":30,"time":1790606547988,"pid":1,"service":"worker","jobId":"ef804ab6-3f7f-432b-9832-569cf10a4fed","userId":2,"frameCount":30,"zipKey":"zips/2/ef804ab6-3f7f-432b-9832-569cf10a4fed.zip","elapsedMs":11023,"msg":"Processing finished"}
